../Core/Src/main.c:80:10:readPotentiometerValue	8	static
../Core/Src/main.c:87:6:setPWMFromPotentiometer	16	static
../Core/Src/main.c:100:6:set_speed	24	static
../Core/Src/main.c:120:10:readADCValue	32	static
../Core/Src/main.c:164:6:controlMotors	24	static
../Core/Src/main.c:258:5:main	8	static
../Core/Src/main.c:314:6:SystemClock_Config	88	static
../Core/Src/main.c:364:13:MX_ADC1_Init	24	static
../Core/Src/main.c:416:13:MX_ADC3_Init	24	static
../Core/Src/main.c:468:13:MX_TIM1_Init	112	static
../Core/Src/main.c:552:13:MX_USART3_UART_Init	8	static
../Core/Src/main.c:587:13:MX_USB_OTG_FS_PCD_Init	8	static
../Core/Src/main.c:622:13:MX_GPIO_Init	64	static
../Core/Src/main.c:734:6:Error_Handler	4	static,ignoring_inline_asm
